D:\folderi_sa_D\RA43-2016\lab3\implementation\system.ngc 1553770432
D:/folderi_sa_D/RA43-2016/lab3/implementation/system_dip_switches_wrapper.ngc 1553770394
D:/folderi_sa_D/RA43-2016/lab3/implementation/system_vga_peripheral_0_wrapper.ngc 1553770404
D:/folderi_sa_D/RA43-2016/lab3/implementation/char_rom_def.ngc 1551952421
D:/folderi_sa_D/RA43-2016/lab3/implementation/system_rs232_wrapper.ngc 1553770381
D:/folderi_sa_D/RA43-2016/lab3/implementation/system_proc_sys_reset_0_wrapper.ngc 1553770305
D:/folderi_sa_D/RA43-2016/lab3/implementation/system_clock_generator_0_wrapper.ngc 1553770416
D:/folderi_sa_D/RA43-2016/lab3/implementation/system_microblaze_0_ilmb_wrapper.ngc 1553770408
D:/folderi_sa_D/RA43-2016/lab3/implementation/system_microblaze_0_dlmb_wrapper.ngc 1553770410
D:/folderi_sa_D/RA43-2016/lab3/implementation/system_axi4lite_0_wrapper.ngc 1553770419
D:/folderi_sa_D/RA43-2016/lab3/implementation/system_microblaze_0_wrapper.ngc 1553770413
D:/folderi_sa_D/RA43-2016/lab3/implementation/system_microblaze_0_i_bram_ctrl_wrapper.ngc 1553770314
D:/folderi_sa_D/RA43-2016/lab3/implementation/system_microblaze_0_d_bram_ctrl_wrapper.ngc 1553770323
D:/folderi_sa_D/RA43-2016/lab3/implementation/system_debug_module_wrapper.ngc 1553770360
D:/folderi_sa_D/RA43-2016/lab3/implementation/system_leds_wrapper.ngc 1553770387
D:/folderi_sa_D/RA43-2016/lab3/implementation/system_microblaze_0_bram_block_wrapper.ngc 1553770329
OK
