12:14:14 **** Build of configuration Debug for project vga_ctrl ****
make all 
'Building file: ../src/helloworld.c'
'Invoking: MicroBlaze gcc compiler'
mb-gcc -Wall -O0 -g3 -c -fmessage-length=0 -I../../vga_ctrl_bsp/microblaze_0/include -mlittle-endian -mxl-barrel-shift -mxl-pattern-compare -mcpu=v8.50.b -mno-xl-soft-mul -Wl,--no-relax -ffunction-sections -fdata-sections -MMD -MP -MF"src/helloworld.d" -MT"src/helloworld.d" -o "src/helloworld.o" "../src/helloworld.c"
'Finished building: ../src/helloworld.c'
' '
'Building file: ../src/platform.c'
'Invoking: MicroBlaze gcc compiler'
mb-gcc -Wall -O0 -g3 -c -fmessage-length=0 -I../../vga_ctrl_bsp/microblaze_0/include -mlittle-endian -mxl-barrel-shift -mxl-pattern-compare -mcpu=v8.50.b -mno-xl-soft-mul -Wl,--no-relax -ffunction-sections -fdata-sections -MMD -MP -MF"src/platform.d" -MT"src/platform.d" -o "src/platform.o" "../src/platform.c"
'Finished building: ../src/platform.c'
' '
'Building target: vga_ctrl.elf'
'Invoking: MicroBlaze gcc linker'
mb-gcc -Wl,-T -Wl,../src/lscript.ld -L../../vga_ctrl_bsp/microblaze_0/lib -mlittle-endian -mxl-barrel-shift -mxl-pattern-compare -mcpu=v8.50.b -mno-xl-soft-mul -Wl,--no-relax -Wl,--gc-sections -o "vga_ctrl.elf"  ./src/helloworld.o ./src/platform.o   -Wl,--start-group,-lxil,-lgcc,-lc,--end-group
'Finished building target: vga_ctrl.elf'
' '
'Invoking: MicroBlaze Print Size'
mb-size vga_ctrl.elf  |tee "vga_ctrl.elf.size"
   text	   data	    bss	    dec	    hex	filename
   2174	    268	   2080	   4522	   11aa	vga_ctrl.elf
'Finished building: vga_ctrl.elf.size'
' '
'Invoking: Xilinx ELF Check'
elfcheck vga_ctrl.elf -hw ../../lab3_hw_platform/system.xml -pe microblaze_0  |tee "vga_ctrl.elf.elfcheck"
elfcheck
Xilinx EDK 14.6 Build EDK_P.68d
Copyright (c) 1995-2012 Xilinx, Inc.  All rights reserved.

Command Line: elfcheck -hw ../../lab3_hw_platform/system.xml -pe microblaze_0
vga_ctrl.elf 

ELF file	: vga_ctrl.elf
elfcheck passed.
'Finished building: vga_ctrl.elf.elfcheck'
' '

12:14:16 Build Finished (took 1s.472ms)

